let max (arg1 : int) (arg2 : int) : int =
  if arg1 > arg2
  then begin 
    arg1
  end else begin 
    arg2
  end
(*@ ensures true *)

let fun2 (arg1) (arg2) =
  let a = 2 in
  let b = ref (a * 10) in
  let c = 
    if arg1 + a = arg2
    then begin 
      arg1 * a - !b
    end else begin 
      arg2
    end in
  a mod c * !b
(*@ ensures true *)

let unitif (x) =
  let a = ref (-2) in
  if !a > x
  then begin 
    ()
  end else begin 
    ()
  end
(*@ ensures true *)

let p2 (arg) =
  let x = ref (1) in
  let y = ref (arg) in
  x := 0;
  x := !x * !y;
  if !y > 0
  then begin 
    y := !x * 10;
    x := !x + arg
  end else begin 
    x := !y * arg;
    y := !x + 10
  end;
  !x + !y
(*@ ensures true *)


