let lists (l : int list) : int list =
  let listn = [ (1 + (0 * 78)); if (2 > 1)
  then begin 
    2
  end else begin 
    1
  end; 3 ] in
  let listc1 = [ 1 ] @ [ 2; 3 ] in
  let listc2 = [ 1 ] @ listn in
  let listc3 = listn @ listn in
  let e = 2 in
  let listp1 = e :: [ 2; 3 ] in
  let listp2 = 9 :: [ 2; 3 ] in
  let listp3 = e :: l in
  let listp4 = 9 :: l in
  let listp5 = 1 :: 2 :: 3 :: [] in
  1 :: listn @ listc1 @ listp1
(*@ ensures true *)


